// Jest Snapshot v1, https://goo.gl/fbAQLP

exports[`ThemeControl component renders correctly 1`] = `
<div
  className="theme-control"
>
  <button
    className="theme-control__button-mobile"
    onClick={[Function]}
    type="button"
  >
    <img
      alt="Theme choose icon"
      src="rainbow.png"
      width={25}
    />
  </button>
  <button
    className="theme-control__button"
    onClick={[Function]}
    type="button"
  >
    settings
  </button>
</div>
`;
